{"items":[{"name":"Drone Link Augmentor I","regional_average_volume":1331,"profits_per_hour":-836802.7909106829},{"name":"Damage Control II","regional_average_volume":10822,"profits_per_hour":-944809.6717957256}]}
