Connected as EveVulcain Test User.
Refresh token: ABCDEFGHIJKLMN

You were already logged in.
To reconnect with another character, please call 'eve-vulcain logout' before trying to login again.
