Successfully logged out.
Call eve-vulcain login to restart login process.
