EveVulcain Test User
Wallet: 123,456,789.12 ISK
Location: The Forge > Kimotoro > Maurasi (0.9) > Maurasi - BPs Center, read BIO
Corporation: School of Applied Knowledge

Jobs:
	                  Drone Link Augmentor I        56 run(s)          [..]


Market orders:
	                    Antipharmakon Aeolis         1/1                  20 ISK/u


