                            Drone Link Augmentor I               1,331                                       -836,802.79 ISK/h
                                 Damage Control II              10,822                                       -944,809.67 ISK/h

